{"path": "config.json", "bytes": 2146, "sha256": "d0daec17d75069a31a3a6a08365e1e5483e90512ca3268f16f78debf6e282390", "verified": true, "recovery_method": "verified-existing"}
{"path": "embodiment_id.json", "bytes": 2226, "sha256": "c8af3d61fe9ca5508c4a5b9e8be6ad4d0d1eb2c68cec76620ea089b894a3ee22", "verified": true, "recovery_method": "verified-existing"}
{"path": "experiment_cfg/conf.yaml", "bytes": 5182, "sha256": "0e624c2b25f1d999474052ebca853f80f6e51627bdfcca225731f95bff07fa92", "verified": true, "recovery_method": "verified-existing"}
{"path": "experiment_cfg/config.yaml", "bytes": 5149, "sha256": "bbe381252a24956642b8f58dbd231fe17960250489da93509ece67cf0775326a", "verified": true, "recovery_method": "verified-existing"}
{"path": "experiment_cfg/dataset_statistics.json", "bytes": 21547, "sha256": "8f6e94b49572165c8cda2beb6a993dcf1b6fddf72d1c1156e1c4afae2fb82eca", "verified": true, "recovery_method": "verified-existing"}
{"path": "experiment_cfg/final_model_config.json", "bytes": 1512, "sha256": "d3630b40778fb72fab7412afd9cba961e4e01faed11eda32e3a4a0c231a2ce30", "verified": true, "recovery_method": "verified-existing"}
{"path": "experiment_cfg/final_processor_config.json", "bytes": 2547736, "sha256": "7406f987dbf002c5935ac14296bf0de05e4f92d5b006bd6635633fd4527ed600", "verified": true, "recovery_method": "verified-existing"}
{"path": "model-00001-of-00003.safetensors", "bytes": 4986649584, "sha256": "cbcaea5ee88f1e0f1465043920a2647c67e7de17d24adfd1c477742a6168edec", "verified": true, "recovery_method": "SHA-matched local copy, independent destination"}
{"path": "model.safetensors.index.json", "bytes": 104913, "sha256": "12117379d91d029c5979a585d07ba794001730c9516d6de5512e3dedfee30730", "verified": true, "recovery_method": "SHA-matched local copy, independent destination"}
{"path": "processor_config.json", "bytes": 26541, "sha256": "56089cb536c71f8cc1f31839b9e6902bbcc096e646e27902fa3c755648624292", "verified": true, "recovery_method": "SHA-matched local copy, independent destination"}
{"elapsed_seconds": 15.02, "WAN_received_bytes": 367984640, "WAN_total_bytes": 20558511123, "interval_bytes_per_second": 24496812, "mean_bytes_per_second": 24496812, "estimated_remaining_seconds": 824, "files_waiting": 9}
{"elapsed_seconds": 30.04, "WAN_received_bytes": 816906240, "WAN_total_bytes": 20558511123, "interval_bytes_per_second": 29899921, "mean_bytes_per_second": 27197684, "estimated_remaining_seconds": 726, "files_waiting": 9}
{"elapsed_seconds": 45.05, "WAN_received_bytes": 1244987392, "WAN_total_bytes": 20558511123, "interval_bytes_per_second": 28514100, "mean_bytes_per_second": 27636392, "estimated_remaining_seconds": 699, "files_waiting": 9}
{"elapsed_seconds": 60.06, "WAN_received_bytes": 1678180352, "WAN_total_bytes": 20558511123, "interval_bytes_per_second": 28851417, "mean_bytes_per_second": 27940123, "estimated_remaining_seconds": 676, "files_waiting": 9}
{"elapsed_seconds": 75.08, "WAN_received_bytes": 2122645504, "WAN_total_bytes": 20558511123, "interval_bytes_per_second": 29603160, "mean_bytes_per_second": 28272700, "estimated_remaining_seconds": 652, "files_waiting": 9}
{"elapsed_seconds": 90.09, "WAN_received_bytes": 2565439488, "WAN_total_bytes": 20558511123, "interval_bytes_per_second": 29488198, "mean_bytes_per_second": 28475288, "estimated_remaining_seconds": 632, "files_waiting": 9}
{"elapsed_seconds": 105.11, "WAN_received_bytes": 2997682176, "WAN_total_bytes": 20558511123, "interval_bytes_per_second": 28787889, "mean_bytes_per_second": 28519943, "estimated_remaining_seconds": 616, "files_waiting": 9}
{"elapsed_seconds": 120.12, "WAN_received_bytes": 3429433344, "WAN_total_bytes": 20558511123, "interval_bytes_per_second": 28763190, "mean_bytes_per_second": 28550340, "estimated_remaining_seconds": 600, "files_waiting": 9}
{"elapsed_seconds": 135.12, "WAN_received_bytes": 3870490624, "WAN_total_bytes": 20558511123, "interval_bytes_per_second": 29395436, "mean_bytes_per_second": 28644181, "estimated_remaining_seconds": 583, "files_waiting": 9}
{"elapsed_seconds": 150.13, "WAN_received_bytes": 4313284608, "WAN_total_bytes": 20558511123, "interval_bytes_per_second": 29504796, "mean_bytes_per_second": 28730211, "estimated_remaining_seconds": 565, "files_waiting": 9}
{"elapsed_seconds": 165.14, "WAN_received_bytes": 4756242432, "WAN_total_bytes": 20558511123, "interval_bytes_per_second": 29503771, "mean_bytes_per_second": 28800537, "estimated_remaining_seconds": 549, "files_waiting": 9}
{"elapsed_seconds": 180.15, "WAN_received_bytes": 5089689600, "WAN_total_bytes": 20558511123, "interval_bytes_per_second": 22219618, "mean_bytes_per_second": 28252335, "estimated_remaining_seconds": 548, "files_waiting": 9}
{"elapsed_seconds": 195.16, "WAN_received_bytes": 5506695168, "WAN_total_bytes": 20558511123, "interval_bytes_per_second": 27786136, "mean_bytes_per_second": 28216485, "estimated_remaining_seconds": 533, "files_waiting": 9}
{"elapsed_seconds": 210.17, "WAN_received_bytes": 5955289088, "WAN_total_bytes": 20558511123, "interval_bytes_per_second": 29883543, "mean_bytes_per_second": 28335554, "estimated_remaining_seconds": 515, "files_waiting": 9}
{"elapsed_seconds": 225.18, "WAN_received_bytes": 6383042560, "WAN_total_bytes": 20558511123, "interval_bytes_per_second": 28504238, "mean_bytes_per_second": 28346796, "estimated_remaining_seconds": 500, "files_waiting": 9}
{"elapsed_seconds": 240.19, "WAN_received_bytes": 6825082880, "WAN_total_bytes": 20558511123, "interval_bytes_per_second": 29439178, "mean_bytes_per_second": 28415085, "estimated_remaining_seconds": 483, "files_waiting": 9}
{"elapsed_seconds": 255.2, "WAN_received_bytes": 7262371840, "WAN_total_bytes": 20558511123, "interval_bytes_per_second": 29132281, "mean_bytes_per_second": 28457269, "estimated_remaining_seconds": 467, "files_waiting": 9}
{"elapsed_seconds": 270.21, "WAN_received_bytes": 7699234816, "WAN_total_bytes": 20558511123, "interval_bytes_per_second": 29102726, "mean_bytes_per_second": 28493126, "estimated_remaining_seconds": 451, "files_waiting": 9}
{"elapsed_seconds": 285.22, "WAN_received_bytes": 8062730240, "WAN_total_bytes": 20558511123, "interval_bytes_per_second": 24227132, "mean_bytes_per_second": 28268716, "estimated_remaining_seconds": 442, "files_waiting": 9}
{"elapsed_seconds": 300.23, "WAN_received_bytes": 8380186624, "WAN_total_bytes": 20558511123, "interval_bytes_per_second": 21147693, "mean_bytes_per_second": 27912666, "estimated_remaining_seconds": 436, "files_waiting": 9}
{"elapsed_seconds": 315.24, "WAN_received_bytes": 8698101760, "WAN_total_bytes": 20558511123, "interval_bytes_per_second": 21177919, "mean_bytes_per_second": 27591960, "estimated_remaining_seconds": 430, "files_waiting": 9}
{"elapsed_seconds": 330.25, "WAN_received_bytes": 9009266688, "WAN_total_bytes": 20558511123, "interval_bytes_per_second": 20728820, "mean_bytes_per_second": 27280004, "estimated_remaining_seconds": 423, "files_waiting": 9}
{"elapsed_seconds": 345.25, "WAN_received_bytes": 9324527616, "WAN_total_bytes": 20558511123, "interval_bytes_per_second": 21014766, "mean_bytes_per_second": 27007768, "estimated_remaining_seconds": 416, "files_waiting": 9}
{"elapsed_seconds": 360.27, "WAN_received_bytes": 9639755776, "WAN_total_bytes": 20558511123, "interval_bytes_per_second": 20991636, "mean_bytes_per_second": 26757003, "estimated_remaining_seconds": 408, "files_waiting": 9}
{"elapsed_seconds": 375.27, "WAN_received_bytes": 9954099200, "WAN_total_bytes": 20558511123, "interval_bytes_per_second": 20951064, "mean_bytes_per_second": 26524878, "estimated_remaining_seconds": 400, "files_waiting": 9}
{"elapsed_seconds": 390.28, "WAN_received_bytes": 10266148864, "WAN_total_bytes": 20558511123, "interval_bytes_per_second": 20792811, "mean_bytes_per_second": 26304461, "estimated_remaining_seconds": 391, "files_waiting": 9}
{"elapsed_seconds": 405.3, "WAN_received_bytes": 10570432512, "WAN_total_bytes": 20558511123, "interval_bytes_per_second": 20264816, "mean_bytes_per_second": 26080706, "estimated_remaining_seconds": 383, "files_waiting": 9}
{"elapsed_seconds": 420.31, "WAN_received_bytes": 10879827968, "WAN_total_bytes": 20558511123, "interval_bytes_per_second": 20613781, "mean_bytes_per_second": 25885482, "estimated_remaining_seconds": 374, "files_waiting": 9}
{"elapsed_seconds": 435.32, "WAN_received_bytes": 11191025664, "WAN_total_bytes": 20558511123, "interval_bytes_per_second": 20730674, "mean_bytes_per_second": 25707724, "estimated_remaining_seconds": 364, "files_waiting": 9}
{"elapsed_seconds": 450.33, "WAN_received_bytes": 11345657856, "WAN_total_bytes": 20558511123, "interval_bytes_per_second": 10302306, "mean_bytes_per_second": 25194259, "estimated_remaining_seconds": 366, "files_waiting": 9}
{"elapsed_seconds": 465.33, "WAN_received_bytes": 11656921088, "WAN_total_bytes": 20558511123, "interval_bytes_per_second": 20747827, "mean_bytes_per_second": 25050906, "estimated_remaining_seconds": 355, "files_waiting": 9}
{"path": "model-00002-of-00003.safetensors", "bytes": 4970792616, "sha256": "903389510a85acbc302c3df057377c04827376d047d20a5f34ad832b82f85d58", "verified": true, "recovery_method": "compressed SCP"}
{"elapsed_seconds": 472.7, "WAN_received_bytes": 11783063208, "WAN_total_bytes": 20558511123, "interval_bytes_per_second": 17112473, "mean_bytes_per_second": 24927113, "estimated_remaining_seconds": 352, "files_waiting": 8}
{"elapsed_seconds": 487.71, "WAN_received_bytes": 12077352616, "WAN_total_bytes": 20558511123, "interval_bytes_per_second": 19606653, "mean_bytes_per_second": 24763371, "estimated_remaining_seconds": 342, "files_waiting": 8}
{"elapsed_seconds": 502.73, "WAN_received_bytes": 12394284712, "WAN_total_bytes": 20558511123, "interval_bytes_per_second": 21107580, "mean_bytes_per_second": 24654183, "estimated_remaining_seconds": 331, "files_waiting": 8}
{"elapsed_seconds": 517.73, "WAN_received_bytes": 12708660904, "WAN_total_bytes": 20558511123, "interval_bytes_per_second": 20950970, "mean_bytes_per_second": 24546853, "estimated_remaining_seconds": 320, "files_waiting": 8}
{"elapsed_seconds": 532.75, "WAN_received_bytes": 12962612904, "WAN_total_bytes": 20558511123, "interval_bytes_per_second": 16913139, "mean_bytes_per_second": 24331702, "estimated_remaining_seconds": 312, "files_waiting": 8}
{"elapsed_seconds": 547.75, "WAN_received_bytes": 13203326632, "WAN_total_bytes": 20558511123, "interval_bytes_per_second": 16041941, "mean_bytes_per_second": 24104609, "estimated_remaining_seconds": 305, "files_waiting": 8}
{"elapsed_seconds": 562.77, "WAN_received_bytes": 13516850856, "WAN_total_bytes": 20558511123, "interval_bytes_per_second": 20880431, "mean_bytes_per_second": 24018585, "estimated_remaining_seconds": 293, "files_waiting": 8}
{"elapsed_seconds": 577.78, "WAN_received_bytes": 13830276776, "WAN_total_bytes": 20558511123, "interval_bytes_per_second": 20874247, "mean_bytes_per_second": 23936872, "estimated_remaining_seconds": 281, "files_waiting": 8}
{"elapsed_seconds": 592.78, "WAN_received_bytes": 14140360360, "WAN_total_bytes": 20558511123, "interval_bytes_per_second": 20669892, "mean_bytes_per_second": 23854194, "estimated_remaining_seconds": 269, "files_waiting": 8}
{"elapsed_seconds": 607.79, "WAN_received_bytes": 14405387944, "WAN_total_bytes": 20558511123, "interval_bytes_per_second": 17661143, "mean_bytes_per_second": 23701288, "estimated_remaining_seconds": 260, "files_waiting": 8}
{"elapsed_seconds": 622.8, "WAN_received_bytes": 14714488488, "WAN_total_bytes": 20558511123, "interval_bytes_per_second": 20590009, "mean_bytes_per_second": 23626293, "estimated_remaining_seconds": 247, "files_waiting": 8}
{"elapsed_seconds": 637.81, "WAN_received_bytes": 15057372840, "WAN_total_bytes": 20558511123, "interval_bytes_per_second": 22844338, "mean_bytes_per_second": 23607891, "estimated_remaining_seconds": 233, "files_waiting": 8}
{"elapsed_seconds": 652.82, "WAN_received_bytes": 15392687784, "WAN_total_bytes": 20558511123, "interval_bytes_per_second": 22342114, "mean_bytes_per_second": 23578791, "estimated_remaining_seconds": 219, "files_waiting": 8}
{"elapsed_seconds": 667.83, "WAN_received_bytes": 15732098728, "WAN_total_bytes": 20558511123, "interval_bytes_per_second": 22618578, "mean_bytes_per_second": 23557216, "estimated_remaining_seconds": 205, "files_waiting": 8}
{"elapsed_seconds": 682.83, "WAN_received_bytes": 16211166888, "WAN_total_bytes": 20558511123, "interval_bytes_per_second": 31917010, "mean_bytes_per_second": 23740977, "estimated_remaining_seconds": 183, "files_waiting": 8}
{"elapsed_seconds": 697.84, "WAN_received_bytes": 16679192232, "WAN_total_bytes": 20558511123, "interval_bytes_per_second": 31198726, "mean_bytes_per_second": 23901297, "estimated_remaining_seconds": 162, "files_waiting": 8}
{"elapsed_seconds": 712.85, "WAN_received_bytes": 17038624424, "WAN_total_bytes": 20558511123, "interval_bytes_per_second": 23943441, "mean_bytes_per_second": 23902184, "estimated_remaining_seconds": 147, "files_waiting": 8}
{"elapsed_seconds": 727.86, "WAN_received_bytes": 17376757416, "WAN_total_bytes": 20558511123, "interval_bytes_per_second": 22531321, "mean_bytes_per_second": 23873919, "estimated_remaining_seconds": 133, "files_waiting": 8}
{"elapsed_seconds": 742.86, "WAN_received_bytes": 17739204264, "WAN_total_bytes": 20558511123, "interval_bytes_per_second": 24161560, "mean_bytes_per_second": 23879728, "estimated_remaining_seconds": 118, "files_waiting": 8}
{"elapsed_seconds": 757.86, "WAN_received_bytes": 18215552680, "WAN_total_bytes": 20558511123, "interval_bytes_per_second": 31739645, "mean_bytes_per_second": 24035378, "estimated_remaining_seconds": 97, "files_waiting": 8}
{"elapsed_seconds": 772.87, "WAN_received_bytes": 18687280808, "WAN_total_bytes": 20558511123, "interval_bytes_per_second": 31435438, "mean_bytes_per_second": 24179059, "estimated_remaining_seconds": 77, "files_waiting": 8}
{"elapsed_seconds": 787.87, "WAN_received_bytes": 19137578664, "WAN_total_bytes": 20558511123, "interval_bytes_per_second": 30012631, "mean_bytes_per_second": 24290149, "estimated_remaining_seconds": 58, "files_waiting": 8}
{"path": "model-00003-of-00003.safetensors", "bytes": 2618758696, "sha256": "dc895b7206cf4904b09e613bf84e88972b8cd03b9a3cb89c11f4b38a719c171b", "verified": true, "recovery_method": "compressed SCP"}
{"elapsed_seconds": 794.11, "WAN_received_bytes": 19288677584, "WAN_total_bytes": 20558511123, "interval_bytes_per_second": 24222883, "mean_bytes_per_second": 24289621, "estimated_remaining_seconds": 52, "files_waiting": 7}
{"path": "statistics.json", "bytes": 4314640, "sha256": "be22329e824d6500a840a71476d775bcc36a2d502c93352075cfbdca68bcd5a1", "verified": true, "recovery_method": "compressed SCP"}
{"elapsed_seconds": 797.42, "WAN_received_bytes": 19343487712, "WAN_total_bytes": 20558511123, "interval_bytes_per_second": 16592152, "mean_bytes_per_second": 24257733, "estimated_remaining_seconds": 50, "files_waiting": 6}
{"path": "trainer_state.json", "bytes": 28374, "sha256": "c3ee8bbd13c1a349ba2883ae07e4c65aa3ba38ad580a35711c6fba9339c070d7", "verified": true, "recovery_method": "compressed SCP"}
{"elapsed_seconds": 799.74, "WAN_received_bytes": 19380183478, "WAN_total_bytes": 20558511123, "interval_bytes_per_second": 15792189, "mean_bytes_per_second": 24233136, "estimated_remaining_seconds": 49, "files_waiting": 5}
{"path": "rng_state.pth", "bytes": 14645, "sha256": "a65ce8fe8653ce458ab708edb74817af21d452e33729a17b36c4bea5207f4587", "verified": true, "recovery_method": "compressed SCP"}
{"elapsed_seconds": 802.33, "WAN_received_bytes": 19421387499, "WAN_total_bytes": 20558511123, "interval_bytes_per_second": 15894380, "mean_bytes_per_second": 24206193, "estimated_remaining_seconds": 47, "files_waiting": 4}
{"path": "training_args.bin", "bytes": 5905, "sha256": "6cd7135b277760cbfc5f8a01325bc17d9b4a1569ea37f648e527b9ae241b2b5a", "verified": true, "recovery_method": "compressed SCP"}
{"elapsed_seconds": 804.66, "WAN_received_bytes": 19450819068, "WAN_total_bytes": 20558511123, "interval_bytes_per_second": 12635220, "mean_bytes_per_second": 24172698, "estimated_remaining_seconds": 46, "files_waiting": 3}
{"path": "scheduler.pt", "bytes": 1465, "sha256": "0c0d627c7f8a0fb48b948b9cb274ead2ddc9dfdd7223d39ba3cdfe65192c3410", "verified": true, "recovery_method": "compressed SCP"}
{"elapsed_seconds": 806.99, "WAN_received_bytes": 19487750069, "WAN_total_bytes": 20558511123, "interval_bytes_per_second": 15868290, "mean_bytes_per_second": 24148748, "estimated_remaining_seconds": 44, "files_waiting": 2}
{"path": "wandb_config.json", "bytes": 72, "sha256": "334574f1c7f796c6ec642ba11b0e597c9f83d00e25b7af8c9d564556e9de9d2d", "verified": true, "recovery_method": "compressed SCP"}
{"elapsed_seconds": 809.57, "WAN_received_bytes": 19524876285, "WAN_total_bytes": 20558511123, "interval_bytes_per_second": 14398531, "mean_bytes_per_second": 24117693, "estimated_remaining_seconds": 43, "files_waiting": 1}
{"elapsed_seconds": 824.58, "WAN_received_bytes": 19757725693, "WAN_total_bytes": 20558511123, "interval_bytes_per_second": 15510734, "mean_bytes_per_second": 23960996, "estimated_remaining_seconds": 33, "files_waiting": 1}
{"elapsed_seconds": 839.59, "WAN_received_bytes": 19990411261, "WAN_total_bytes": 20558511123, "interval_bytes_per_second": 15496647, "mean_bytes_per_second": 23809621, "estimated_remaining_seconds": 24, "files_waiting": 1}
{"elapsed_seconds": 854.6, "WAN_received_bytes": 20222179325, "WAN_total_bytes": 20558511123, "interval_bytes_per_second": 15448205, "mean_bytes_per_second": 23662832, "estimated_remaining_seconds": 14, "files_waiting": 1}
{"elapsed_seconds": 869.61, "WAN_received_bytes": 20437137405, "WAN_total_bytes": 20558511123, "interval_bytes_per_second": 14318199, "mean_bytes_per_second": 23501506, "estimated_remaining_seconds": 5, "files_waiting": 1}
{"elapsed_seconds": 884.62, "WAN_received_bytes": 20524496893, "WAN_total_bytes": 20558511123, "interval_bytes_per_second": 5818971, "mean_bytes_per_second": 23201417, "estimated_remaining_seconds": 1, "files_waiting": 1}
{"path": "optimizer.pt", "bytes": 12964594710, "sha256": "0850cd4912e01ebeafff6d0f6a598bf08beb5a535b767e947995a1ef0d4aa435", "verified": true, "recovery_method": "compressed SCP"}
{"elapsed_seconds": 897.69, "WAN_received_bytes": 20558511123, "WAN_total_bytes": 20558511123, "interval_bytes_per_second": 2603955, "mean_bytes_per_second": 22901696, "estimated_remaining_seconds": 0, "files_waiting": 0}
