{
  "model": "smolvla",
  "source_revision": "6e1fa4faf2a42927d463591aebaa0f62c2e654b7",
  "command": [
    "/home/ubuntu/office-action-training/sources/lerobot/.venv/bin/python",
    "-m",
    "lerobot.scripts.lerobot_train",
    "--dataset.repo_id=local/office-train",
    "--dataset.root=/home/ubuntu/workspace/action-training/groot-eval/common-training-v1/lerobot-v3/train",
    "--dataset.video_backend=pyav",
    "--policy.path=/ephemeral/cache/huggingface/hub/models--lerobot--smolvla_base/snapshots/d9f33c94a60fb382c90dea2164c96845bd955e28",
    "--policy.device=cuda",
    "--policy.push_to_hub=false",
    "--policy.input_features=null",
    "--policy.n_action_steps=8",
    "--policy.train_expert_only=true",
    "--policy.train_state_proj=true",
    "--policy.freeze_vision_encoder=true",
    "--policy.scheduler_warmup_steps=2",
    "--policy.scheduler_decay_steps=20",
    "--batch_size=16",
    "--num_workers=4",
    "--steps=20",
    "--save_checkpoint=true",
    "--save_freq=20",
    "--env_eval_freq=0",
    "--eval_steps=0",
    "--log_freq=10",
    "--wandb.enable=false",
    "--seed=42",
    "--output_dir=/data/action-training/runs/common-six-v1-smolvla-smoke"
  ],
  "steps": 20,
  "max_wall_seconds": 600,
  "checkpoint_export_barrier": false,
  "checkpoint_export_scope": "full",
  "final_full_checkpoint_step": null,
  "dataset_info_sha256": "70dd16975a6ea62a854178440824e10b518bfedd911f94919ac8d9c52cdf35ef",
  "dataset_root": "/home/ubuntu/workspace/action-training/groot-eval/common-training-v1/lerobot-v3/train",
  "state_action_units": "all six channels radians",
  "dataset_contract_sha256": "9f891ea7a0e34b50e4f714f34d0c40a8d23117e92e37de22cd8b3e06f6ea647e",
  "camera_order": [
    "scene",
    "wrist"
  ],
  "checkpoint_claim": "Training progress only; no task-success claim without independent closed-loop evaluation",
  "base_model": "/ephemeral/cache/huggingface/hub/models--lerobot--smolvla_base/snapshots/d9f33c94a60fb382c90dea2164c96845bd955e28",
  "started_unix": 1791029345.4403887,
  "dry_run": true
}
{"scope": "actual fresh-base common-six stock training stage; no robot task-success claim", "model": "smolvla", "stage": "smoke", "recipe_sha256": "7bd1617ab74cfc542b63a6872e7e5d0aa041ead66af681160dca1daf6968f5c1", "stock_launch_manifest_sha256": "74c915ce464156873dc82a6f08aa8dd5cf2f030181d12d5c59b3e18bcb01c8ec", "stock_preflight_dry_run": true, "actual_native_command": ["/home/ubuntu/office-action-training/sources/lerobot/.venv/bin/python", "-m", "lerobot.scripts.lerobot_train", "--dataset.repo_id=local/office-train", "--dataset.root=/home/ubuntu/workspace/action-training/groot-eval/common-training-v1/lerobot-v3/train", "--dataset.video_backend=pyav", "--policy.path=/ephemeral/cache/huggingface/hub/models--lerobot--smolvla_base/snapshots/d9f33c94a60fb382c90dea2164c96845bd955e28", "--policy.device=cuda", "--policy.push_to_hub=false", "--policy.input_features=null", "--policy.n_action_steps=8", "--policy.train_expert_only=true", "--policy.train_state_proj=true", "--policy.freeze_vision_encoder=true", "--policy.scheduler_warmup_steps=2", "--policy.scheduler_decay_steps=20", "--batch_size=16", "--num_workers=4", "--steps=20", "--save_checkpoint=true", "--save_freq=20", "--env_eval_freq=0", "--eval_steps=0", "--log_freq=10", "--wandb.enable=false", "--seed=42", "--output_dir=/data/action-training/runs/common-six-v1-smolvla-smoke"], "native_execution_started": true, "complete": true, "output": "/data/action-training/runs/common-six-v1-smolvla-smoke", "deadline_utc": "2026-10-03T14:52:00+00:00", "owned_pid": 3961628, "exit_code": 0, "elapsed_seconds": 23.479315041999143, "gpu_peak_mib": 5213, "ram_peak_mib": 7247.6328125}
